src/App.tsx(1,8): error TS6133: 'React' is declared but its value is never read.
src/components/CommandCenter.tsx(2,1): error TS6192: All imports in import declaration are unused.
src/components/CommandCenter.tsx(2,58): error TS2307: Cannot find module './ui/card' or its corresponding type declarations.
src/services/api.ts(4,26): error TS2339: Property 'env' does not exist on type 'ImportMeta'.
